ASxxxx Linker V03.00 + NoICE + sdld,  page 1.
Hexadecimal  [32-Bits]

Area                                    Addr        Size        Decimal Bytes (Attributes)
--------------------------------        ----        ----        ------- ----- ------------
.  .ABS.                            00000000    00000000 =           0. bytes (ABS,CON)

      Value  Global                              Global Defined In Module
      -----  --------------------------------   ------------------------
     00000000  .__.ABS.                           
     00000000  _rRAMG                             
     00000000  l__BASE                         
     00000000  l__BSS                          
     00000000  l__CABS                         
     00000000  l__CODE_0                       
     00000000  l__CRASH_HEADER                 
     00000000  l__CRASH_SCRATCH                
     00000000  l__DABS                         
     00000000  l__EHL_TRAMPOLINE               
     00000000  l__HEADER                       
     00000000  l__HEADER_LCD                   
     00000000  l__HEADER_SIO                   
     00000000  l__HEADER_TIMER                 
     00000000  l__HEAP                         
     00000000  l__HRAM                         
     00000000  l__LIT                          
     00000000  s__CABS                         
     00000000  s__CRASH_HEADER                 
     00000000  s__CRASH_HEADER0                
     00000000  s__CRASH_HEADER1                
     00000000  s__CRASH_SCRATCH                
     00000000  s__CRASH_SCRATCH2               
     00000000  s__DABS                         
     00000000  s__EHL_TRAMPOLINE               
     00000000  s__EHL_TRAMPOLINE0              
     00000000  s__HEADER                       
     00000000  s__HEADER0                      
     00000000  s__HEADER1                      
     00000000  s__HEADER10                     
     00000000  s__HEADER11                     
     00000000  s__HEADER2                      
     00000000  s__HEADER3                      
     00000000  s__HEADER4                      
     00000000  s__HEADER5                      
     00000000  s__HEADER6                      
     00000000  s__HEADER7                      
     00000000  s__HEADER8                      
     00000000  s__HEADER9                      
     00000000  s__HEADER_LCD                   
     00000000  s__HEADER_LCD0                  
     00000000  s__HEADER_SIO                   
     00000000  s__HEADER_SIO0                  
     00000000  s__HEADER_TIMER                 
     00000000  s__HEADER_TIMER0                
     00000000  s__HEADERa                      
     00000000  s__HEADERb                      
     00000000  s__HEADERc                      
     00000000  s__HEADERd                      
     00000000  s__HEADERe                      
ASxxxx Linker V03.00 + NoICE + sdld,  page 2.
Hexadecimal  [32-Bits]

Area                                    Addr        Size        Decimal Bytes (Attributes)
--------------------------------        ----        ----        ------- ----- ------------
.  .ABS.                            00000000    00000000 =           0. bytes (ABS,CON)

      Value  Global                              Global Defined In Module
      -----  --------------------------------   ------------------------
     00000000  s__HEADERf                      
     00000000  s__HRAM                         
     00000000  s__HRAM12                       
     00000001  ___bank_VM_SGB                     vm_sgb
     00000001  ___bank_scene_0_sprites            scene_0_sprites
     00000001  ___bank_scene_11_init              scene_11_init
     00000001  ___bank_sprite_baby_player         sprite_baby_player
     00000001  b_do_load_palette                  data_manager
     00000001  b_load_background                  data_manager
     00000001  b_load_bkg_tileset                 data_manager
     00000001  b_load_bounds                      data_manager
     00000001  b_load_emote                       data_manager
     00000001  b_load_init                        data_manager
     00000001  b_load_player                      data_manager
     00000001  b_load_scene                       data_manager
     00000001  b_load_sprite                      data_manager
     00000001  b_ui_draw_frame                    ui
     00000001  b_ui_draw_text_buffer_char         ui
     00000001  b_ui_init                          ui
     00000001  b_ui_load_tiles                    ui
     00000001  b_ui_run_menu                      ui
     00000001  b_ui_run_modal                     ui
     00000001  b_ui_set_start_tile                ui
     00000001  l__GSFINAL                      
     00000001  l__HEADER0                      
     00000001  l__HEADER11                     
     00000001  l__HEADER9                      
     00000001  l__HEADERa                      
     00000001  l__HEADERb                      
     00000001  l__HEADERd                      
     00000001  l__HEADERe                      
     00000002  ___bank_cursor_image               cursor_image
     00000002  ___bank_scene_10_init              scene_10_init
     00000002  ___bank_scene_13_init              scene_13_init
     00000002  ___bank_script_27                  script_27
     00000002  ___mute_mask_sound_cancel_vgm      sound_cancel_vgm
     00000002  ___mute_mask_sound_cat_meow_vgm    sound_cat_meow_vgm
     00000002  ___mute_mask_sound_click_vgm       sound_click_vgm
     00000002  ___mute_mask_sound_hurt_vgm        sound_hurt_vgm
     00000002  ___mute_mask_sound_jump_vgm        sound_jump_vgm
     00000002  ___mute_mask_sound_monster_screa   sound_monster_scream_vgm
     00000002  l__HEADER5                      
     00000002  l__HEADERc                      
     00000002  l__HEADERf                      
     00000003  ___bank_ACTOR                      actor
     00000003  ___bank_VM_ACTOR                   vm_actor
     00000003  ___bank_VM_SIO                     vm_sio
     00000003  ___bank_bg_game_over_tileset       bg_game_over_tileset
     00000003  ___bank_scene_12_init              scene_12_init
     00000003  ___bank_scene_1_sprites            scene_1_sprites
     00000003  b_activate_actor                   actor
ASxxxx Linker V03.00 + NoICE + sdld,  page 3.
Hexadecimal  [32-Bits]

Area                                    Addr        Size        Decimal Bytes (Attributes)
--------------------------------        ----        ----        ------- ----- ------------
.  .ABS.                            00000000    00000000 =           0. bytes (ABS,CON)

      Value  Global                              Global Defined In Module
      -----  --------------------------------   ------------------------
     00000003  b_activate_actors_in_col           actor
     00000003  b_activate_actors_in_row           actor
     00000003  b_actor_at_tile                    actor
     00000003  b_actor_get_frame_offset           actor
     00000003  b_actor_in_front_of_player         actor
     00000003  b_actor_overlapping_bb             actor
     00000003  b_actor_overlapping_player         actor
     00000003  b_actor_set_anim_idle              actor
     00000003  b_actor_set_anim_moving            actor
     00000003  b_actor_set_dir                    actor
     00000003  b_actor_set_frame_offset           actor
     00000003  b_actor_set_frames                 actor
     00000003  b_actors_handle_player_collision   actor
     00000003  b_actors_init                      actor
     00000003  b_check_collision_in_direction     actor
     00000003  b_deactivate_actor                 actor
     00000003  b_player_init                      actor
     00000003  b_vm_actor_activate                vm_actor
     00000003  b_vm_actor_deactivate              vm_actor
     00000003  b_vm_actor_emote                   vm_actor
     00000003  b_vm_actor_get_angle               vm_actor
     00000003  b_vm_actor_get_anim_frame          vm_actor
     00000003  b_vm_actor_get_dir                 vm_actor
     00000003  b_vm_actor_get_pos                 vm_actor
     00000003  b_vm_actor_move_cancel             vm_actor
     00000003  b_vm_actor_move_to                 vm_actor
     00000003  b_vm_actor_replace_tile            vm_actor
     00000003  b_vm_actor_set_anim                vm_actor
     00000003  b_vm_actor_set_anim_frame          vm_actor
     00000003  b_vm_actor_set_anim_set            vm_actor
     00000003  b_vm_actor_set_anim_tick           vm_actor
     00000003  b_vm_actor_set_bounds              vm_actor
     00000003  b_vm_actor_set_dir                 vm_actor
     00000003  b_vm_actor_set_flags               vm_actor
     00000003  b_vm_actor_set_move_speed          vm_actor
     00000003  b_vm_actor_set_pos                 vm_actor
     00000003  b_vm_actor_set_spritesheet         vm_actor
     00000003  b_vm_actor_set_spritesheet_by_re   vm_actor
     00000003  b_vm_actor_terminate_update        vm_actor
     00000003  b_vm_sio_exchange                  vm_sio
     00000003  b_vm_sio_set_mode                  vm_sio
     00000003  l__HEADER8                      
     00000003  l__HEADER_LCD0                  
     00000003  l__HRAM12                       
     00000004  ___bank_VM_LOAD_SAVE               vm_load_save
     00000004  ___bank_VM_MAIN                    vm
     00000004  ___bank_bg_outside_tilemap_attr    bg_outside_tilemap_attr
     00000004  ___bank_font_gbs_mono              font_gbs_mono
     00000004  b_platform_init                    platform
     00000004  b_platform_update                  platform
     00000004  b_script_detach_hthread            vm
ASxxxx Linker V03.00 + NoICE + sdld,  page 4.
Hexadecimal  [32-Bits]

Area                                    Addr        Size        Decimal Bytes (Attributes)
--------------------------------        ----        ----        ------- ----- ------------
.  .ABS.                            00000000    00000000 =           0. bytes (ABS,CON)

      Value  Global                              Global Defined In Module
      -----  --------------------------------   ------------------------
     00000004  b_script_execute                   vm
     00000004  b_script_runner_init               vm
     00000004  b_script_terminate                 vm
     00000004  b_vm_call                          vm
     00000004  b_vm_call_far                      vm
     00000004  b_vm_get_indirect                  vm
     00000004  b_vm_get_int16                     vm
     00000004  b_vm_get_int8                      vm
     00000004  b_vm_get_tlocal                    vm
     00000004  b_vm_get_uint8                     vm
     00000004  b_vm_idle                          vm
     00000004  b_vm_if                            vm
     00000004  b_vm_if_const                      vm
     00000004  b_vm_init_rng                      vm
     00000004  b_vm_invoke                        vm
     00000004  b_vm_join                          vm
     00000004  b_vm_jump                          vm
     00000004  b_vm_lock                          vm
     00000004  b_vm_loop                          vm
     00000004  b_vm_memcpy                        vm
     00000004  b_vm_memset                        vm
     00000004  b_vm_poll_loaded                   vm
     00000004  b_vm_pop                           vm
     00000004  b_vm_push                          vm
     00000004  b_vm_push_reference                vm
     00000004  b_vm_push_value                    vm
     00000004  b_vm_push_value_ind                vm
     00000004  b_vm_raise                         vm
     00000004  b_vm_rand                          vm
     00000004  b_vm_reserve                       vm
     00000004  b_vm_ret                           vm
     00000004  b_vm_ret_far                       vm
     00000004  b_vm_save_clear                    vm_load_save
     00000004  b_vm_save_peek                     vm_load_save
     00000004  b_vm_set                           vm
     00000004  b_vm_set_const                     vm
     00000004  b_vm_set_const_int16               vm
     00000004  b_vm_set_const_int8                vm
     00000004  b_vm_set_indirect                  vm
     00000004  b_vm_set_int16                     vm
     00000004  b_vm_set_int8                      vm
     00000004  b_vm_set_uint8                     vm
     00000004  b_vm_terminate                     vm
     00000004  b_vm_test_terminate                vm
     00000004  b_vm_unlock                        vm
     00000004  b_wait_frames                      vm
     00000004  l__CRASH_HEADER1                
     00000004  l__HEADER_SIO0                  
     00000004  l__HEADER_TIMER0                
     00000005  ___bank_bg_3d_hermano2_tileset     bg_3d_hermano2_tileset
     00000005  ___bank_bg_3d_hermano_tileset      bg_3d_hermano_tileset
ASxxxx Linker V03.00 + NoICE + sdld,  page 5.
Hexadecimal  [32-Bits]

Area                                    Addr        Size        Decimal Bytes (Attributes)
--------------------------------        ----        ----        ------- ----- ------------
.  .ABS.                            00000000    00000000 =           0. bytes (ABS,CON)

      Value  Global                              Global Defined In Module
      -----  --------------------------------   ------------------------
     00000005  ___bank_bg_3d_waraya_tileset       bg_3d_waraya_tileset
     00000005  ___bank_bg_outside_tilemap         bg_outside_tilemap
     00000005  ___bank_scene_outside_collisions   scene_outside_collisions
     00000005  b_SIO_init                         sio
     00000005  l__CRASH_HEADER0                
     00000005  l__HEADER1                      
     00000006  ___bank_bg_3d_pig_tileset          bg_3d_pig_tileset
     00000006  ___bank_bg_ending_2a_tileset       bg_ending_2a_tileset
     00000006  ___bank_bg_ending_2b_tileset       bg_ending_2b_tileset
     00000006  ___bank_bg_ending_5a_tileset       bg_ending_5a_tileset
     00000006  ___bank_bg_outside_tileset         bg_outside_tileset
     00000006  ___bank_scene_outside_sprites      scene_outside_sprites
     00000006  ___bank_sprite_3d_hermano_flare_   sprite_3d_hermano_flare_tile
     00000006  l__HEADER7                      
     00000007  ___bank_bg_3d_rabbit_tileset       bg_3d_rabbit_tileset
     00000007  ___bank_bg_3d_warangka_tileset     bg_3d_warangka_tileset
     00000007  ___bank_bg_cave_tileset            bg_cave_tileset
     00000007  ___bank_bg_credits_tileset         bg_credits_tileset
     00000007  ___bank_bg_ending_4a_tileset       bg_ending_4a_tileset
     00000007  ___bank_bg_ending_4b_tileset       bg_ending_4b_tileset
     00000007  ___bank_bg_ending_6_tileset        bg_ending_6_tileset
     00000007  l__HEADER2                      
     00000008  ___bank_VM_UI                      vm_ui
     00000008  ___bank_bg_cave_tilemap            bg_cave_tilemap
     00000008  ___bank_bg_cave_tilemap_attr       bg_cave_tilemap_attr
     00000008  ___bank_bg_ending_1_tileset        bg_ending_1_tileset
     00000008  ___bank_bg_ending_3_tileset        bg_ending_3_tileset
     00000008  ___bank_bg_ending_5b_tileset       bg_ending_5b_tileset
     00000008  ___bank_bootstrap_script           
     00000008  ___bank_scene_0_collisions         scene_0_collisions
     00000008  ___bank_script_input_4             script_input_4
     00000008  ___bank_sprite_3d_rabbit_tileset   sprite_3d_rabbit_tileset
     00000008  b_vm_choice                        vm_ui
     00000008  b_vm_display_text                  vm_ui
     00000008  b_vm_overlay_clear                 vm_ui
     00000008  b_vm_overlay_move_to               vm_ui
     00000008  b_vm_overlay_scroll                vm_ui
     00000008  b_vm_overlay_set_map               vm_ui
     00000008  b_vm_overlay_set_scroll            vm_ui
     00000008  b_vm_overlay_set_submap            vm_ui
     00000008  b_vm_overlay_set_submap_ex         vm_ui
     00000008  b_vm_overlay_setpos                vm_ui
     00000008  b_vm_overlay_show                  vm_ui
     00000008  b_vm_overlay_wait                  vm_ui
     00000008  b_vm_set_font                      vm_ui
     00000008  b_vm_set_text_sound                vm_ui
     00000008  b_vm_switch_text_layer             vm_ui
     00000008  l__HEADER3                      
     00000009  ___bank_VM_GAMEBOY                 vm_gameboy
     00000009  ___bank_scene_9_init               scene_9_init
     00000009  ___bank_script_5                   script_5
ASxxxx Linker V03.00 + NoICE + sdld,  page 6.
Hexadecimal  [32-Bits]

Area                                    Addr        Size        Decimal Bytes (Attributes)
--------------------------------        ----        ----        ------- ----- ------------
.  .ABS.                            00000000    00000000 =           0. bytes (ABS,CON)

      Value  Global                              Global Defined In Module
      -----  --------------------------------   ------------------------
     00000009  ___bank_script_8                   script_8
     00000009  ___bank_song_template_0_Data       song_template_0_Data
     00000009  ___bank_sprite_3d_pig              sprite_3d_pig
     00000009  ___bank_sprite_3d_rabbit           sprite_3d_rabbit
     00000009  b_adventure_init                   adventure
     00000009  b_adventure_update                 adventure
     00000009  b_scroll_init                      scroll
     00000009  b_scroll_repaint                   scroll
     00000009  b_scroll_reset                     scroll
     00000009  b_scroll_update                    scroll
     00000009  b_shmup_init                       shmup
     00000009  b_shmup_update                     shmup
     00000009  b_topdown_init                     topdown
     00000009  b_topdown_update                   topdown
     00000009  b_vm_context_prepare               vm_gameboy
     00000009  b_vm_fade                          vm_gameboy
     00000009  b_vm_get_tile_xy                   vm_gameboy
     00000009  b_vm_input_attach                  vm_gameboy
     00000009  b_vm_input_detach                  vm_gameboy
     00000009  b_vm_input_get                     vm_gameboy
     00000009  b_vm_input_wait                    vm_gameboy
     00000009  b_vm_load_tiles                    vm_gameboy
     00000009  b_vm_load_tileset                  vm_gameboy
     00000009  b_vm_poll                          vm_gameboy
     00000009  b_vm_replace_tile                  vm_gameboy
     00000009  b_vm_replace_tile_xy               vm_gameboy
     00000009  b_vm_rumble                        vm_gameboy
     00000009  b_vm_set_sprite_mode               vm_gameboy
     00000009  b_vm_set_sprites_visible           vm_gameboy
     00000009  b_vm_timer_prepare                 vm_gameboy
     00000009  b_vm_timer_reset                   vm_gameboy
     00000009  b_vm_timer_set                     vm_gameboy
     00000009  b_vm_timer_stop                    vm_gameboy
     0000000A  ___bank_bg_3d_hermano2_tilemap     bg_3d_hermano2_tilemap
     0000000A  ___bank_bg_3d_hermano2_tilemap_a   bg_3d_hermano2_tilemap_attr
     0000000A  ___bank_scene_1_collisions         scene_1_collisions
     0000000A  ___bank_script_11                  script_11
     0000000A  ___bank_script_13                  script_13
     0000000A  ___bank_script_20                  script_20
     0000000A  ___bank_script_engine_init         
     0000000A  ___bank_song_song_template_2_Dat   song_song_template_2_Data
     0000000A  ___bank_sprite_3d_pig_tileset      sprite_3d_pig_tileset
     0000000A  ___bank_sprite_player_tileset      sprite_player_tileset
     0000000A  ___bank_trigger_4_interact         trigger_4_interact
     0000000A  ___mute_mask_sound_explosion_vgm   sound_explosion_vgm
     0000000A  b___HandleCrash_banked             
     0000000A  b_core_reset                       core
     0000000A  b_core_run                         core
     0000000A  b_data_clear                       load_save
     0000000A  b_data_init                        load_save
     0000000A  b_data_load                        load_save
ASxxxx Linker V03.00 + NoICE + sdld,  page 7.
Hexadecimal  [32-Bits]

Area                                    Addr        Size        Decimal Bytes (Attributes)
--------------------------------        ----        ----        ------- ----- ------------
.  .ABS.                            00000000    00000000 =           0. bytes (ABS,CON)

      Value  Global                              Global Defined In Module
      -----  --------------------------------   ------------------------
     0000000A  b_data_peek                        load_save
     0000000A  b_data_save                        load_save
     0000000A  b_gbprinter_detect                 gbprinter
     0000000A  b_gbprinter_print_overlay          gbprinter
     0000000A  b_pointnclick_init                 pointnclick
     0000000A  b_pointnclick_update               pointnclick
     0000000A  b_projectile_launch                projectiles
     0000000A  b_projectiles_init                 projectiles
     0000000A  b_trigger_activate_at              trigger
     0000000A  b_trigger_activate_at_intersecti   trigger
     0000000A  b_trigger_at_intersection          trigger
     0000000A  b_trigger_at_tile                  trigger
     0000000A  b_trigger_interact                 trigger
     0000000A  b_trigger_reset                    trigger
     0000000B  ___bank_VM_CAMERA                  vm_camera
     0000000B  ___bank_VM_PALETTE                 vm_palette
     0000000B  ___bank_actor_8_update             actor_8_update
     0000000B  ___bank_bg_3d_hermano_tilemap      bg_3d_hermano_tilemap
     0000000B  ___bank_bg_3d_hermano_tilemap_at   bg_3d_hermano_tilemap_attr
     0000000B  ___bank_bg_3d_pig_tilemap          bg_3d_pig_tilemap
     0000000B  ___bank_bg_3d_pig_tilemap_attr     bg_3d_pig_tilemap_attr
     0000000B  ___bank_bg_3d_rabbit_tilemap       bg_3d_rabbit_tilemap
     0000000B  ___bank_bg_3d_rabbit_tilemap_att   bg_3d_rabbit_tilemap_attr
     0000000B  ___bank_palette_0                  palette_0
     0000000B  ___bank_scene_10_sprites           scene_10_sprites
     0000000B  ___bank_scene_20_init              scene_20_init
     0000000B  ___bank_scene_22_init              scene_22_init
     0000000B  ___bank_scene_23_init              scene_23_init
     0000000B  ___bank_scene_4_init               scene_4_init
     0000000B  ___bank_script_10                  script_10
     0000000B  ___bank_script_12                  script_12
     0000000B  ___bank_script_15                  script_15
     0000000B  ___bank_script_16                  script_16
     0000000B  ___bank_script_17                  script_17
     0000000B  ___bank_script_2                   script_2
     0000000B  ___bank_script_3                   script_3
     0000000B  ___bank_script_4                   script_4
     0000000B  ___bank_script_9                   script_9
     0000000B  ___bank_sound_monster_scream_vgm   sound_monster_scream_vgm
     0000000B  ___bank_sprite_3d_hermano_flare    sprite_3d_hermano_flare
     0000000B  ___bank_sprite_3d_hermano_tilese   sprite_3d_hermano_tileset
     0000000B  ___bank_sprite_hermano_topdown_t   sprite_hermano_topdown_tiles
     0000000B  ___bank_sprite_pig_tileset         sprite_pig_tileset
     0000000B  ___bank_trigger_5_interact         trigger_5_interact
     0000000B  b_camera_shake_frames              vm_camera
     0000000B  b_fade_applypalettechange          fade_manager
     0000000B  b_fade_in                          fade_manager
     0000000B  b_fade_in_modal                    fade_manager
     0000000B  b_fade_init                        fade_manager
     0000000B  b_fade_out                         fade_manager
     0000000B  b_fade_out_modal                   fade_manager
ASxxxx Linker V03.00 + NoICE + sdld,  page 8.
Hexadecimal  [32-Bits]

Area                                    Addr        Size        Decimal Bytes (Attributes)
--------------------------------        ----        ----        ------- ----- ------------
.  .ABS.                            00000000    00000000 =           0. bytes (ABS,CON)

      Value  Global                              Global Defined In Module
      -----  --------------------------------   ------------------------
     0000000B  b_fade_setspeed                    fade_manager
     0000000B  b_fade_update                      fade_manager
     0000000B  b_set_sgb_border                   sgb_border
     0000000B  b_vm_camera_move_to                vm_camera
     0000000B  b_vm_camera_set_pos                vm_camera
     0000000B  b_vm_load_palette                  vm_palette
     0000000C  ___bank_avatar_font_0              avatar_font_0
     0000000C  ___bank_bg_3d_warangka_tilemap     bg_3d_warangka_tilemap
     0000000C  ___bank_bg_3d_warangka_tilemap_a   bg_3d_warangka_tilemap_attr
     0000000C  ___bank_bg_3d_waraya_tilemap       bg_3d_waraya_tilemap
     0000000C  ___bank_bg_3d_waraya_tilemap_att   bg_3d_waraya_tilemap_attr
     0000000C  ___bank_bg_credits_tilemap         bg_credits_tilemap
     0000000C  ___bank_bg_credits_tilemap_attr    bg_credits_tilemap_attr
     0000000C  ___bank_bg_ending_1_tilemap        bg_ending_1_tilemap
     0000000C  ___bank_bg_ending_1_tilemap_attr   bg_ending_1_tilemap_attr
     0000000C  ___bank_bg_ending_2a_tilemap       bg_ending_2a_tilemap
     0000000C  ___bank_bg_ending_2a_tilemap_att   bg_ending_2a_tilemap_attr
     0000000C  ___bank_bg_ending_2b_tilemap       bg_ending_2b_tilemap
     0000000C  ___bank_bg_ending_2b_tilemap_att   bg_ending_2b_tilemap_attr
     0000000C  ___bank_bg_ending_3_tilemap        bg_ending_3_tilemap
     0000000C  ___bank_bg_ending_3_tilemap_attr   bg_ending_3_tilemap_attr
     0000000C  ___bank_bg_ending_4a_tilemap       bg_ending_4a_tilemap
     0000000C  ___bank_bg_ending_4a_tilemap_att   bg_ending_4a_tilemap_attr
     0000000C  ___bank_bg_ending_4b_tilemap       bg_ending_4b_tilemap
     0000000C  ___bank_bg_ending_4b_tilemap_att   bg_ending_4b_tilemap_attr
     0000000C  ___bank_bg_ending_5a_tilemap       bg_ending_5a_tilemap
     0000000C  ___bank_bg_ending_5a_tilemap_att   bg_ending_5a_tilemap_attr
     0000000C  ___bank_bg_ending_5b_tilemap       bg_ending_5b_tilemap
     0000000C  ___bank_bg_ending_5b_tilemap_att   bg_ending_5b_tilemap_attr
     0000000C  ___bank_bg_ending_6_tilemap        bg_ending_6_tilemap
     0000000C  ___bank_bg_ending_6_tilemap_attr   bg_ending_6_tilemap_attr
     0000000C  ___bank_bg_game_over_tilemap       bg_game_over_tilemap
     0000000C  ___bank_bg_game_over_tilemap_att   bg_game_over_tilemap_attr
     0000000C  ___bank_scene_10_collisions        scene_10_collisions
     0000000C  ___bank_scene_11_collisions        scene_11_collisions
     0000000C  ___bank_scene_11_sprites           scene_11_sprites
     0000000C  ___bank_scene_12_collisions        scene_12_collisions
     0000000C  ___bank_scene_13_collisions        scene_13_collisions
     0000000C  ___bank_scene_13_sprites           scene_13_sprites
     0000000C  ___bank_scene_14_collisions        scene_14_collisions
     0000000C  ___bank_scene_16_collisions        scene_16_collisions
     0000000C  ___bank_scene_17_collisions        scene_17_collisions
     0000000C  ___bank_scene_18_collisions        scene_18_collisions
     0000000C  ___bank_scene_21_collisions        scene_21_collisions
     0000000C  ___bank_scene_2_init               scene_2_init
     0000000C  ___bank_scene_5_init               scene_5_init
     0000000C  ___bank_scene_9_collisions         scene_9_collisions
     0000000C  ___bank_scene_title_screen_init    scene_title_screen_init
     0000000C  ___bank_script_24                  script_24
     0000000C  ___bank_sprite_3d_warangka_tiles   sprite_3d_warangka_tileset
     0000000C  ___bank_sprite_3d_waraya           sprite_3d_waraya
ASxxxx Linker V03.00 + NoICE + sdld,  page 9.
Hexadecimal  [32-Bits]

Area                                    Addr        Size        Decimal Bytes (Attributes)
--------------------------------        ----        ----        ------- ----- ------------
.  .ABS.                            00000000    00000000 =           0. bytes (ABS,CON)

      Value  Global                              Global Defined In Module
      -----  --------------------------------   ------------------------
     0000000C  __start_save                    
     0000000D  ___bank_VM_GBPRINTER               vm_gbprinter
     0000000D  ___bank_VM_MATH                    vm_math
     0000000D  ___bank_VM_MUSIC                   vm_music
     0000000D  ___bank_VM_PROJECTILE              vm_projectiles
     0000000D  ___bank_VM_RTC                     vm_rtc
     0000000D  ___bank_VM_SCENE                   vm_scene
     0000000D  ___bank_actor_3_update             actor_3_update
     0000000D  ___bank_actor_4_update             actor_4_update
     0000000D  ___bank_frame_image                frame_image
     0000000D  ___bank_scene_12_sprites           scene_12_sprites
     0000000D  ___bank_scene_14_init              scene_14_init
     0000000D  ___bank_scene_16_init              scene_16_init
     0000000D  ___bank_scene_17_init              scene_17_init
     0000000D  ___bank_scene_18_init              scene_18_init
     0000000D  ___bank_scene_19_collisions        scene_19_collisions
     0000000D  ___bank_scene_19_init              scene_19_init
     0000000D  ___bank_scene_1_init               scene_1_init
     0000000D  ___bank_scene_20_collisions        scene_20_collisions
     0000000D  ___bank_scene_21_init              scene_21_init
     0000000D  ___bank_scene_22_collisions        scene_22_collisions
     0000000D  ___bank_scene_23_collisions        scene_23_collisions
     0000000D  ___bank_scene_24_collisions        scene_24_collisions
     0000000D  ___bank_scene_24_init              scene_24_init
     0000000D  ___bank_scene_2_collisions         scene_2_collisions
     0000000D  ___bank_scene_3_collisions         scene_3_collisions
     0000000D  ___bank_scene_3_init               scene_3_init
     0000000D  ___bank_scene_4_collisions         scene_4_collisions
     0000000D  ___bank_scene_5_collisions         scene_5_collisions
     0000000D  ___bank_scene_9_actors             scene_9_actors
     0000000D  ___bank_scene_9_sprites            scene_9_sprites
     0000000D  ___bank_scene_outside_actors       scene_outside_actors
     0000000D  ___bank_scene_outside_init         scene_outside_init
     0000000D  ___bank_scene_title_screen_colli   scene_title_screen_collision
     0000000D  ___bank_script_18                  script_18
     0000000D  ___bank_script_21                  script_21
     0000000D  ___bank_script_23                  script_23
     0000000D  ___bank_script_26                  script_26
     0000000D  ___bank_script_28                  script_28
     0000000D  ___bank_script_6                   script_6
     0000000D  ___bank_script_7                   script_7
     0000000D  ___bank_script_input_0             script_input_0
     0000000D  ___bank_script_input_1             script_input_1
     0000000D  ___bank_script_input_5             script_input_5
     0000000D  ___bank_script_input_8             script_input_8
     0000000D  ___bank_sound_cancel_vgm           sound_cancel_vgm
     0000000D  ___bank_sound_explosion_vgm        sound_explosion_vgm
     0000000D  ___bank_sprite_3d_hermano          sprite_3d_hermano
     0000000D  ___bank_sprite_3d_warangka         sprite_3d_warangka
     0000000D  ___bank_sprite_3d_waraya_tileset   sprite_3d_waraya_tileset
     0000000D  ___bank_sprite_baby_player_tiles   sprite_baby_player_tileset
ASxxxx Linker V03.00 + NoICE + sdld,  page 10.
Hexadecimal  [32-Bits]

Area                                    Addr        Size        Decimal Bytes (Attributes)
--------------------------------        ----        ----        ------- ----- ------------
.  .ABS.                            00000000    00000000 =           0. bytes (ABS,CON)

      Value  Global                              Global Defined In Module
      -----  --------------------------------   ------------------------
     0000000D  ___bank_sprite_hermano_topdown     sprite_hermano_topdown
     0000000D  ___bank_sprite_lion                sprite_lion
     0000000D  ___bank_sprite_lion_tileset        sprite_lion_tileset
     0000000D  ___bank_sprite_pig                 sprite_pig
     0000000D  ___bank_sprite_player              sprite_player
     0000000D  ___bank_sprite_rabbit              sprite_rabbit
     0000000D  ___bank_sprite_rabbit_tileset      sprite_rabbit_tileset
     0000000D  ___bank_sprite_river_animation     sprite_river_animation
     0000000D  ___bank_trigger_1_interact         trigger_1_interact
     0000000D  ___bank_trigger_3_interact         trigger_3_interact
     0000000D  ___bank_trigger_6_interact         trigger_6_interact
     0000000D  ___bank_trigger_8_interact         trigger_8_interact
     0000000D  b_erase_flash                      
     0000000D  b_events_init                      events
     0000000D  b_itoa_fmt                         vm_ui_a
     0000000D  b_music_events_poll                music_manager
     0000000D  b_music_init_driver                music_manager
     0000000D  b_music_init_events                music_manager
     0000000D  b_restore_sram                     flasher
     0000000D  b_restore_sram_bank                flasher
     0000000D  b_save_sram                        flasher
     0000000D  b_save_sram_banks                  
     0000000D  b_timers_init                      events
     0000000D  b_vm_cos_scale                     vm_math
     0000000D  b_vm_music_mute                    vm_music
     0000000D  b_vm_music_play                    vm_music
     0000000D  b_vm_music_routine                 vm_music
     0000000D  b_vm_music_setpos                  vm_music
     0000000D  b_vm_music_stop                    vm_music
     0000000D  b_vm_print_detect                  vm_gbprinter
     0000000D  b_vm_print_overlay                 vm_gbprinter
     0000000D  b_vm_projectile_launch             vm_projectiles
     0000000D  b_vm_projectile_load_type          vm_projectiles
     0000000D  b_vm_rtc_get                       vm_rtc
     0000000D  b_vm_rtc_latch                     vm_rtc
     0000000D  b_vm_rtc_set                       vm_rtc
     0000000D  b_vm_rtc_start                     vm_rtc
     0000000D  b_vm_scene_pop                     vm_scene
     0000000D  b_vm_scene_pop_all                 vm_scene
     0000000D  b_vm_scene_push                    vm_scene
     0000000D  b_vm_scene_stack_reset             vm_scene
     0000000D  b_vm_sfx_play                      vm_music
     0000000D  b_vm_sin_scale                     vm_math
     0000000D  b_vm_sound_mastervol               vm_music
     0000000E  ___bank_actor_0_update             actor_0_update
     0000000E  ___bank_actor_1_update             actor_1_update
     0000000E  ___bank_actor_20_interact          actor_20_interact
     0000000E  ___bank_actor_23_update            actor_23_update
     0000000E  ___bank_actor_24_interact          actor_24_interact
     0000000E  ___bank_actor_2_update             actor_2_update
     0000000E  ___bank_actor_3_interact           actor_3_interact
ASxxxx Linker V03.00 + NoICE + sdld,  page 11.
Hexadecimal  [32-Bits]

Area                                    Addr        Size        Decimal Bytes (Attributes)
--------------------------------        ----        ----        ------- ----- ------------
.  .ABS.                            00000000    00000000 =           0. bytes (ABS,CON)

      Value  Global                              Global Defined In Module
      -----  --------------------------------   ------------------------
     0000000E  ___bank_actor_4_interact           actor_4_interact
     0000000E  ___bank_actor_5_interact           actor_5_interact
     0000000E  ___bank_actor_7_update             actor_7_update
     0000000E  ___bank_actor_8_interact           actor_8_interact
     0000000E  ___bank_bg_3d_hermano              bg_3d_hermano
     0000000E  ___bank_bg_3d_hermano2             bg_3d_hermano2
     0000000E  ___bank_bg_3d_pig                  bg_3d_pig
     0000000E  ___bank_bg_3d_rabbit               bg_3d_rabbit
     0000000E  ___bank_bg_3d_warangka             bg_3d_warangka
     0000000E  ___bank_bg_3d_waraya               bg_3d_waraya
     0000000E  ___bank_bg_cave                    bg_cave
     0000000E  ___bank_bg_credits                 bg_credits
     0000000E  ___bank_bg_ending_1                bg_ending_1
     0000000E  ___bank_bg_ending_2a               bg_ending_2a
     0000000E  ___bank_bg_ending_2b               bg_ending_2b
     0000000E  ___bank_bg_ending_3                bg_ending_3
     0000000E  ___bank_bg_ending_4a               bg_ending_4a
     0000000E  ___bank_bg_ending_4b               bg_ending_4b
     0000000E  ___bank_bg_ending_5a               bg_ending_5a
     0000000E  ___bank_bg_ending_5b               bg_ending_5b
     0000000E  ___bank_bg_ending_6                bg_ending_6
     0000000E  ___bank_bg_game_over               bg_game_over
     0000000E  ___bank_bg_outside                 bg_outside
     0000000E  ___bank_emote_question             emote_question
     0000000E  ___bank_emote_shock                emote_shock
     0000000E  ___bank_palette_1                  palette_1
     0000000E  ___bank_palette_10                 palette_10
     0000000E  ___bank_palette_11                 palette_11
     0000000E  ___bank_palette_12                 palette_12
     0000000E  ___bank_palette_13                 palette_13
     0000000E  ___bank_palette_14                 palette_14
     0000000E  ___bank_palette_15                 palette_15
     0000000E  ___bank_palette_16                 palette_16
     0000000E  ___bank_palette_17                 palette_17
     0000000E  ___bank_palette_18                 palette_18
     0000000E  ___bank_palette_19                 palette_19
     0000000E  ___bank_palette_2                  palette_2
     0000000E  ___bank_palette_20                 palette_20
     0000000E  ___bank_palette_21                 palette_21
     0000000E  ___bank_palette_22                 palette_22
     0000000E  ___bank_palette_23                 palette_23
     0000000E  ___bank_palette_24                 palette_24
     0000000E  ___bank_palette_25                 palette_25
     0000000E  ___bank_palette_26                 palette_26
     0000000E  ___bank_palette_3                  palette_3
     0000000E  ___bank_palette_4                  palette_4
     0000000E  ___bank_palette_5                  palette_5
     0000000E  ___bank_palette_6                  palette_6
     0000000E  ___bank_palette_7                  palette_7
     0000000E  ___bank_palette_8                  palette_8
     0000000E  ___bank_palette_9                  palette_9
ASxxxx Linker V03.00 + NoICE + sdld,  page 12.
Hexadecimal  [32-Bits]

Area                                    Addr        Size        Decimal Bytes (Attributes)
--------------------------------        ----        ----        ------- ----- ------------
.  .ABS.                            00000000    00000000 =           0. bytes (ABS,CON)

      Value  Global                              Global Defined In Module
      -----  --------------------------------   ------------------------
     0000000E  ___bank_scene_0                    scene_0
     0000000E  ___bank_scene_0_actors             scene_0_actors
     0000000E  ___bank_scene_0_init               scene_0_init
     0000000E  ___bank_scene_0_triggers           scene_0_triggers
     0000000E  ___bank_scene_1                    scene_1
     0000000E  ___bank_scene_10                   scene_10
     0000000E  ___bank_scene_10_actors            scene_10_actors
     0000000E  ___bank_scene_11                   scene_11
     0000000E  ___bank_scene_11_actors            scene_11_actors
     0000000E  ___bank_scene_12                   scene_12
     0000000E  ___bank_scene_12_actors            scene_12_actors
     0000000E  ___bank_scene_13                   scene_13
     0000000E  ___bank_scene_13_actors            scene_13_actors
     0000000E  ___bank_scene_14                   scene_14
     0000000E  ___bank_scene_16                   scene_16
     0000000E  ___bank_scene_17                   scene_17
     0000000E  ___bank_scene_18                   scene_18
     0000000E  ___bank_scene_19                   scene_19
     0000000E  ___bank_scene_1_actors             scene_1_actors
     0000000E  ___bank_scene_2                    scene_2
     0000000E  ___bank_scene_20                   scene_20
     0000000E  ___bank_scene_21                   scene_21
     0000000E  ___bank_scene_22                   scene_22
     0000000E  ___bank_scene_23                   scene_23
     0000000E  ___bank_scene_24                   scene_24
     0000000E  ___bank_scene_3                    scene_3
     0000000E  ___bank_scene_4                    scene_4
     0000000E  ___bank_scene_5                    scene_5
     0000000E  ___bank_scene_9                    scene_9
     0000000E  ___bank_scene_outside              scene_outside
     0000000E  ___bank_scene_outside_triggers     scene_outside_triggers
     0000000E  ___bank_scene_title_screen         scene_title_screen
     0000000E  ___bank_script_14                  script_14
     0000000E  ___bank_script_25                  script_25
     0000000E  ___bank_script_29                  script_29
     0000000E  ___bank_script_input_10            script_input_10
     0000000E  ___bank_script_input_11            script_input_11
     0000000E  ___bank_script_input_12            script_input_12
     0000000E  ___bank_script_input_13            script_input_13
     0000000E  ___bank_script_input_2             script_input_2
     0000000E  ___bank_script_input_3             script_input_3
     0000000E  ___bank_script_input_6             script_input_6
     0000000E  ___bank_script_input_7             script_input_7
     0000000E  ___bank_script_input_9             script_input_9
     0000000E  ___bank_sound_cat_meow_vgm         sound_cat_meow_vgm
     0000000E  ___bank_sound_click_vgm            sound_click_vgm
     0000000E  ___bank_sound_hurt_vgm             sound_hurt_vgm
     0000000E  ___bank_sound_jump_vgm             sound_jump_vgm
     0000000E  ___bank_sprite_adult_tiger_0       sprite_adult_tiger_0
     0000000E  ___bank_sprite_adult_tiger_0_til   sprite_adult_tiger_0_tileset
     0000000E  ___bank_sprite_big_rock            sprite_big_rock
ASxxxx Linker V03.00 + NoICE + sdld,  page 13.
Hexadecimal  [32-Bits]

Area                                    Addr        Size        Decimal Bytes (Attributes)
--------------------------------        ----        ----        ------- ----- ------------
.  .ABS.                            00000000    00000000 =           0. bytes (ABS,CON)

      Value  Global                              Global Defined In Module
      -----  --------------------------------   ------------------------
     0000000E  ___bank_sprite_big_rock_tileset    sprite_big_rock_tileset
     0000000E  ___bank_sprite_cat                 sprite_cat
     0000000E  ___bank_sprite_river_animation_t   sprite_river_animation_tiles
     0000000E  ___bank_spritesheet_none           spritesheet_none
     0000000E  ___bank_trigger_0_interact         trigger_0_interact
     0000000E  ___bank_trigger_2_interact         trigger_2_interact
     0000000E  ___bank_trigger_7_interact         trigger_7_interact
     0000000E  b_CGBZeroPalette                   palette
     0000000E  b_camera_init                      camera
     0000000E  b_camera_reset                     camera
     0000000E  b_input_init                       input
     0000000E  b_logo_init                        logo
     0000000E  b_logo_update                      logo
     0000000E  b_palette_init                     palette
     0000000E  b_parallax_init                    parallax
     0000000E  b_remove_LCD_ISRs                  interrupts
     0000000E  b_scroll_rect                      
     00000011  l__EHL_TRAMPOLINE0              
     00000019  l__INITIALIZED                  
     00000019  l__INITIALIZER                  
     00000027  l__GSINIT                       
     00000030  l__HEADER6                      
     0000004E  l__HEADER4                      
     00000082  l__HEADER10                     
     000001CB  l__CRASH_SCRATCH2               
     00000200  s__CODE                         
     00000C51  l__CODE                         
     00000E51  s__HOME                         
     000018C0  l__CODE_14                      
     0000197F  l__DATA                         
     00002000  _rROMB0                            
     00002C81  l__HOME                         
     00003000  _rROMB1                            
     00003AD2  s__BASE                         
     00003AD2  s__CODE_0                       
     00003AD2  s__INITIALIZER                  
     00003AD2  s__LIT                          
     00003AEB  s__GSINIT                       
     00003B12  s__GSFINAL                      
     00003FFE  l__CODE_13                      
     00003FFE  l__CODE_6                       
     00003FFE  l__CODE_7                       
     00003FFE  l__CODE_8                       
     00003FFF  l__CODE_1                       
     00003FFF  l__CODE_11                      
     00003FFF  l__CODE_12                      
     00003FFF  l__CODE_5                       
     00003FFF  l__CODE_9                       
     00004000  _RTC_SELECT_REG                    vm_rtc
     00004000  _rRAMB                             
     00004000  l__CODE_10                      
ASxxxx Linker V03.00 + NoICE + sdld,  page 14.
Hexadecimal  [32-Bits]

Area                                    Addr        Size        Decimal Bytes (Attributes)
--------------------------------        ----        ----        ------- ----- ------------
.  .ABS.                            00000000    00000000 =           0. bytes (ABS,CON)

      Value  Global                              Global Defined In Module
      -----  --------------------------------   ------------------------
     00004000  l__CODE_2                       
     00004000  l__CODE_3                       
     00004000  l__CODE_4                       
     00006000  _RTC_LATCH_REG                     vm_rtc
     00008000  __VRAM                             
     00008000  __VRAM8000                         
     00008800  __VRAM8800                         
     00009000  __VRAM9000                         
     00009800  __SCRN0                            
     00009C00  __SCRN1                            
     0000A000  _RTC_VALUE_REG                     vm_rtc
     0000A000  __SRAM                             
     0000C000  __RAM                              
     0000C000  _shadow_OAM                     
     0000C0A0  s__DATA                         
     0000D000  __RAMBANK                          
     0000DA1F  s__BSS                          
     0000DA1F  s__INITIALIZED                  
     0000DA38  s__HEAP                         
     0000DF00  .STACK                          
     0000DF00  _shadow_OAM2                       absolute
     0000DFA0  _BkgPalette                        absolute
     0000DFE0  _vwf_tile_data                     absolute
     0000FE00  __OAMRAM                           
     0000FF00  _P1_REG                            
     0000FF00  __IO                               
     0000FF01  _SB_REG                            
     0000FF02  _SC_REG                            
     0000FF04  _DIV_REG                           
     0000FF05  _TIMA_REG                          
     0000FF06  _TMA_REG                           
     0000FF07  _TAC_REG                           
     0000FF0F  _IF_REG                            
     0000FF10  _NR10_REG                          
     0000FF11  _NR11_REG                          
     0000FF12  _NR12_REG                          
     0000FF13  _NR13_REG                          
     0000FF14  _NR14_REG                          
     0000FF16  _NR21_REG                          
     0000FF17  _NR22_REG                          
     0000FF18  _NR23_REG                          
     0000FF19  _NR24_REG                          
     0000FF1A  _NR30_REG                          
     0000FF1B  _NR31_REG                          
     0000FF1C  _NR32_REG                          
     0000FF1D  _NR33_REG                          
     0000FF1E  _NR34_REG                          
     0000FF20  _NR41_REG                          
     0000FF21  _NR42_REG                          
     0000FF22  _NR43_REG                          
     0000FF23  _NR44_REG                          
ASxxxx Linker V03.00 + NoICE + sdld,  page 15.
Hexadecimal  [32-Bits]

Area                                    Addr        Size        Decimal Bytes (Attributes)
--------------------------------        ----        ----        ------- ----- ------------
.  .ABS.                            00000000    00000000 =           0. bytes (ABS,CON)

      Value  Global                              Global Defined In Module
      -----  --------------------------------   ------------------------
     0000FF24  _NR50_REG                          
     0000FF25  _NR51_REG                          
     0000FF26  _NR52_REG                          
     0000FF30  _AUD3WAVE                          
     0000FF30  _PCM_SAMPLE                        
     0000FF30  __AUD3WAVERAM                      
     0000FF40  _LCDC_REG                          
     0000FF41  _STAT_REG                          
     0000FF42  _SCY_REG                           
     0000FF43  _SCX_REG                           
     0000FF44  _LY_REG                            
     0000FF45  _LYC_REG                           
     0000FF46  _DMA_REG                           
     0000FF47  _BGP_REG                           
     0000FF48  _OBP0_REG                          
     0000FF49  _OBP1_REG                          
     0000FF4A  _WY_REG                            
     0000FF4B  _WX_REG                            
     0000FF4D  _KEY1_REG                          
     0000FF4F  _VBK_REG                           
     0000FF51  _HDMA1_REG                         
     0000FF52  _HDMA2_REG                         
     0000FF53  _HDMA3_REG                         
     0000FF54  _HDMA4_REG                         
     0000FF55  _HDMA5_REG                         
     0000FF56  _RP_REG                            
     0000FF68  _BCPS_REG                          
     0000FF69  _BCPD_REG                          
     0000FF6A  _OCPS_REG                          
     0000FF6B  _OCPD_REG                          
     0000FF70  _SVBK_REG                          
     0000FF76  _PCM12_REG                         
     0000FF77  _PCM34_REG                         
     0000FF80  .refresh_OAM                    
     0000FF80  __HRAM                             
     0000FFFF  _IE_REG                            
     00014000  s__CODE_1                       
     00024000  s__CODE_2                       
     00034000  s__CODE_3                       
     00044000  s__CODE_4                       
     00054000  s__CODE_5                       
     00064000  s__CODE_6                       
     00074000  s__CODE_7                       
     00084000  s__CODE_8                       
     00094000  s__CODE_9                       
     000A4000  s__CODE_10                      
     000B4000  s__CODE_11                      
     000C4000  s__CODE_12                      
     000D4000  s__CODE_13                      
     000E4000  s__CODE_14                      

ASxxxx Linker V03.00 + NoICE + sdld,  page 16.
Hexadecimal  [32-Bits]

Area                                    Addr        Size        Decimal Bytes (Attributes)
--------------------------------        ----        ----        ------- ----- ------------
_CODE                               00000200    00000C51 =        3153. bytes (REL,CON)

      Value  Global                              Global Defined In Module
      -----  --------------------------------   ------------------------
     00000200  ___HandleCrash                     
     0000020A  _SIO_send_byte                     
     0000021D  _SIO_receive                       
     0000022E  _SetTile                           
     0000023D  _set_win_tile_xy                   
     00000242  _set_bkg_tile_xy                   
     00000265  _GetWinAddr                        
     0000026D  _GetBkgAddr                        
     0000027B  _state_init                        
     00000280  _state_update                      
     000002A2  _ui_time_masks                     
     000002AA  _ui_print_shift_char               
     0000032D  _ui_draw_frame_row                 
     00000336  .ui_draw_frame_row                 
     0000035F  _script_cmds                       vm_instructions
     00000593  _save_signature                    game_signature
     00000597  _start_scene_x                     
     00000599  _start_scene_y                     
     0000059B  _start_scene_dir                   
     0000059C  _start_scene                       
     0000059F  _start_player_move_speed           
     000005A0  _start_player_anim_tick            
     000005A1  _ui_fonts                          
     000005A7  _core_reset_hook                   main
     000005AF  _main                              main
     000005B7  _state_start_fns                   
     000005C9  _state_update_fns                  
     000005DB  _hUGE_init_banked                  hUGEDriver_obj
     000005DF  _hUGE_init                         hUGEDriver_obj
     000005EA  _hUGE_mute_channel_banked          hUGEDriver_obj
     000005EE  _hUGE_mute_channel                 hUGEDriver_obj
     000005FB  _hUGE_set_position_banked          hUGEDriver_obj
     000005FF  _hUGE_set_position                 hUGEDriver_obj
     00000608  hUGE_init                          hUGEDriver_obj
     0000065E  hUGE_mute_channel                  hUGEDriver_obj
     00000854  hUGE_set_position                  hUGEDriver_obj
     000009BC  _hUGE_dosound                      hUGEDriver_obj
     000009BC  _hUGE_dosound_banked               hUGEDriver_obj
     000009BC  hUGE_dosound                       hUGEDriver_obj
     00000CAB  _get_vram_byte                     
     00000CB8  _get_win_tile_xy                   
     00000CC0  _get_bkg_tile_xy                   
     00000CE7  _set_sprite_palette                CGB
     00000CEC  _set_bkg_palette                   CGB
     00000CEF  .set_palette                       CGB
     00000D0E  _set_sprite_palette_entry          CGB
     00000D13  _set_bkg_palette_entry             CGB
     00000D16  .set_palette_entry                 CGB
     00000D32  _hide_sprites_range                Metasprites
     00000D62  .sgb_check                         
ASxxxx Linker V03.00 + NoICE + sdld,  page 17.
Hexadecimal  [32-Bits]

Area                                    Addr        Size        Decimal Bytes (Attributes)
--------------------------------        ----        ----        ------- ----- ------------
_CODE                               00000200    00000C51 =        3153. bytes (REL,CON)

      Value  Global                              Global Defined In Module
      -----  --------------------------------   ------------------------
     00000D62  _sgb_check                         
     00000DAA  _sgb_transfer                      
     00000DAF  .sgb_transfer                      
     00000DF0  ___move_metasprite                 Metasprites
     00000E2F  _cpu_slow                          CGB
     00000E4A  _cpu_fast                          CGB

ASxxxx Linker V03.00 + NoICE + sdld,  page 18.
Hexadecimal  [32-Bits]

Area                                    Addr        Size        Decimal Bytes (Attributes)
--------------------------------        ----        ----        ------- ----- ------------
_HEADER0                            00000000    00000001 =           1. bytes (ABS,CON)

      Value  Global                              Global Defined In Module
      -----  --------------------------------   ------------------------
     00000020  .call_hl                           Runtime

ASxxxx Linker V03.00 + NoICE + sdld,  page 19.
Hexadecimal  [32-Bits]

Area                                    Addr        Size        Decimal Bytes (Attributes)
--------------------------------        ----        ----        ------- ----- ------------
_HEADER1                            00000000    00000005 =           5. bytes (ABS,CON)

      Value  Global                              Global Defined In Module
      -----  --------------------------------   ------------------------
     00000028  .MemsetSmall                       Runtime

ASxxxx Linker V03.00 + NoICE + sdld,  page 20.
Hexadecimal  [32-Bits]

Area                                    Addr        Size        Decimal Bytes (Attributes)
--------------------------------        ----        ----        ------- ----- ------------
_HEADER2                            00000000    00000007 =           7. bytes (ABS,CON)

      Value  Global                              Global Defined In Module
      -----  --------------------------------   ------------------------
     00000030  .MemcpySmall                       Runtime

ASxxxx Linker V03.00 + NoICE + sdld,  page 21.
Hexadecimal  [32-Bits]

Area                                    Addr        Size        Decimal Bytes (Attributes)
--------------------------------        ----        ----        ------- ----- ------------
_HEADER3                            00000000    00000008 =           8. bytes (ABS,CON)

      Value  Global                              Global Defined In Module
      -----  --------------------------------   ------------------------
ASxxxx Linker V03.00 + NoICE + sdld,  page 22.
Hexadecimal  [32-Bits]

Area                                    Addr        Size        Decimal Bytes (Attributes)
--------------------------------        ----        ----        ------- ----- ------------
_HEADER4                            00000000    0000004E =          78. bytes (ABS,CON)

      Value  Global                              Global Defined In Module
      -----  --------------------------------   ------------------------
     00000080  .int                               Runtime
     0000008F  _wait_int_handler                  Runtime
     0000009C  __standard_VBL_handler             Runtime
     000000AC  _refresh_OAM                       Runtime

ASxxxx Linker V03.00 + NoICE + sdld,  page 23.
Hexadecimal  [32-Bits]

Area                                    Addr        Size        Decimal Bytes (Attributes)
--------------------------------        ----        ----        ------- ----- ------------
_HEADER5                            00000000    00000002 =           2. bytes (ABS,CON)

      Value  Global                              Global Defined In Module
      -----  --------------------------------   ------------------------
ASxxxx Linker V03.00 + NoICE + sdld,  page 24.
Hexadecimal  [32-Bits]

Area                                    Addr        Size        Decimal Bytes (Attributes)
--------------------------------        ----        ----        ------- ----- ------------
_HEADER6                            00000000    00000030 =          48. bytes (ABS,CON)

      Value  Global                              Global Defined In Module
      -----  --------------------------------   ------------------------
ASxxxx Linker V03.00 + NoICE + sdld,  page 25.
Hexadecimal  [32-Bits]

Area                                    Addr        Size        Decimal Bytes (Attributes)
--------------------------------        ----        ----        ------- ----- ------------
_HEADER7                            00000000    00000006 =           6. bytes (ABS,CON)

      Value  Global                              Global Defined In Module
      -----  --------------------------------   ------------------------
ASxxxx Linker V03.00 + NoICE + sdld,  page 26.
Hexadecimal  [32-Bits]

Area                                    Addr        Size        Decimal Bytes (Attributes)
--------------------------------        ----        ----        ------- ----- ------------
_HEADER8                            00000000    00000003 =           3. bytes (ABS,CON)

      Value  Global                              Global Defined In Module
      -----  --------------------------------   ------------------------
ASxxxx Linker V03.00 + NoICE + sdld,  page 27.
Hexadecimal  [32-Bits]

Area                                    Addr        Size        Decimal Bytes (Attributes)
--------------------------------        ----        ----        ------- ----- ------------
_HEADER9                            00000000    00000001 =           1. bytes (ABS,CON)

      Value  Global                              Global Defined In Module
      -----  --------------------------------   ------------------------
ASxxxx Linker V03.00 + NoICE + sdld,  page 28.
Hexadecimal  [32-Bits]

Area                                    Addr        Size        Decimal Bytes (Attributes)
--------------------------------        ----        ----        ------- ----- ------------
_HEADERa                            00000000    00000001 =           1. bytes (ABS,CON)

      Value  Global                              Global Defined In Module
      -----  --------------------------------   ------------------------
ASxxxx Linker V03.00 + NoICE + sdld,  page 29.
Hexadecimal  [32-Bits]

Area                                    Addr        Size        Decimal Bytes (Attributes)
--------------------------------        ----        ----        ------- ----- ------------
_HEADERb                            00000000    00000001 =           1. bytes (ABS,CON)

      Value  Global                              Global Defined In Module
      -----  --------------------------------   ------------------------
ASxxxx Linker V03.00 + NoICE + sdld,  page 30.
Hexadecimal  [32-Bits]

Area                                    Addr        Size        Decimal Bytes (Attributes)
--------------------------------        ----        ----        ------- ----- ------------
_HEADERc                            00000000    00000002 =           2. bytes (ABS,CON)

      Value  Global                              Global Defined In Module
      -----  --------------------------------   ------------------------
ASxxxx Linker V03.00 + NoICE + sdld,  page 31.
Hexadecimal  [32-Bits]

Area                                    Addr        Size        Decimal Bytes (Attributes)
--------------------------------        ----        ----        ------- ----- ------------
_HEADERd                            00000000    00000001 =           1. bytes (ABS,CON)

      Value  Global                              Global Defined In Module
      -----  --------------------------------   ------------------------
ASxxxx Linker V03.00 + NoICE + sdld,  page 32.
Hexadecimal  [32-Bits]

Area                                    Addr        Size        Decimal Bytes (Attributes)
--------------------------------        ----        ----        ------- ----- ------------
_HEADERe                            00000000    00000001 =           1. bytes (ABS,CON)

      Value  Global                              Global Defined In Module
      -----  --------------------------------   ------------------------
ASxxxx Linker V03.00 + NoICE + sdld,  page 33.
Hexadecimal  [32-Bits]

Area                                    Addr        Size        Decimal Bytes (Attributes)
--------------------------------        ----        ----        ------- ----- ------------
_HEADERf                            00000000    00000002 =           2. bytes (ABS,CON)

      Value  Global                              Global Defined In Module
      -----  --------------------------------   ------------------------
ASxxxx Linker V03.00 + NoICE + sdld,  page 34.
Hexadecimal  [32-Bits]

Area                                    Addr        Size        Decimal Bytes (Attributes)
--------------------------------        ----        ----        ------- ----- ------------
_HEADER10                           00000000    00000082 =         130. bytes (ABS,CON)

      Value  Global                              Global Defined In Module
      -----  --------------------------------   ------------------------
     00000150  .reset                             Runtime
     00000150  _reset                             Runtime
     00000157  .code_start                        Runtime
     000001B7  _exit                              Runtime
     000001BB  _set_interrupts                    Runtime

ASxxxx Linker V03.00 + NoICE + sdld,  page 35.
Hexadecimal  [32-Bits]

Area                                    Addr        Size        Decimal Bytes (Attributes)
--------------------------------        ----        ----        ------- ----- ------------
_HEADER11                           00000000    00000001 =           1. bytes (ABS,CON)

      Value  Global                              Global Defined In Module
      -----  --------------------------------   ------------------------
ASxxxx Linker V03.00 + NoICE + sdld,  page 36.
Hexadecimal  [32-Bits]

Area                                    Addr        Size        Decimal Bytes (Attributes)
--------------------------------        ----        ----        ------- ----- ------------
_HOME                               00000E51    00002C81 =       11393. bytes (REL,CON)

      Value  Global                              Global Defined In Module
      -----  --------------------------------   ------------------------
     00000E51  .memset_simple                     Runtime
     00000E5A  .memcpy_simple                     Runtime
     00000E77  .remove_VBL                        Runtime
     00000E7A  .remove_int                        Runtime
     00000E97  .add_VBL                           Runtime
     00000E9A  .add_int                           Runtime
     00000EA5  .wait_vbl_done                     Runtime
     00000EA5  _wait_vbl_done                     Runtime
     00000EB5  .display_off                       Runtime
     00000EB5  _display_off                       Runtime
     00000ECD  _remove_VBL                        Runtime
     00000ED8  _add_VBL                           Runtime
     00000EE3  _actors_update                     actor
     000012EC  _SetBankedBkgData                  bankdata
     00001308  _SetBankedSpriteData               bankdata
     00001324  _SetBankedBkgTiles                 bankdata
     00001340  _SetBankedWinTiles                 bankdata
     0000135C  _ReadBankedFarPtr                  bankdata
     00001383  _ReadBankedUWORD                   bankdata
     0000139F  _MemcpyBanked                      bankdata
     000013BB  _MemcpyVRAMBanked                  bankdata
     000013D7  _IndexOfFarPtr                     bankdata
     0000146D  _camera_update                     camera
     000015A0  _load_animations                   data_manager
     000015FF  _events_update                     events
     000016D1  _timers_update                     events
     00001759  _input_update                      input
     00001789  .sio_ISR                           
     000017E3  .timer_ISR                         
     000017F8  _simple_LCD_isr                    interrupts
     00001874  _fullscreen_LCD_isr                interrupts
     000018A0  _VBL_isr                           interrupts
     000018EA  _isqrt                             math
     00001940  _sine_wave                         math
     00001A40  _dir_lookup                        math
     00001A48  _dir_angle_lookup                  math
     00001A4C  _hUGETrackerRoutine                music_manager
     00001A78  _music_events_update               music_manager
     00001AFA  _music_play_isr                    music_manager
     00001BA0  _parallax_LCD_isr                  parallax
     00001BDD  _projectiles_update                projectiles
     0000207C  _projectiles_render                projectiles
     000021EF  _scroll_load_pending_row           scroll
     0000227B  _scroll_load_row                   scroll
     000022F5  _scroll_load_col                   scroll
     00002360  _scroll_load_pending_col           scroll
     000023F1  _set_bkg_submap                    
     00002434  _set_xy_win_submap                 
     00002461  .set_xy_win_submap                 
     0000246A  .set_xy_bkg_submap                 
ASxxxx Linker V03.00 + NoICE + sdld,  page 37.
Hexadecimal  [32-Bits]

Area                                    Addr        Size        Decimal Bytes (Attributes)
--------------------------------        ----        ----        ------- ----- ------------
_HOME                               00000E51    00002C81 =       11393. bytes (REL,CON)

      Value  Global                              Global Defined In Module
      -----  --------------------------------   ------------------------
     00002479  .set_xy_submap                     
     000024BF  _sfx_play_isr                      sfx_player
     00002592  _on_SIO_receive                    sio
     000025D3  _SIO_update                        sio
     0000263A  _ui_update                         ui
     00002769  _vm_sgb_transfer                   vm_sgb
     000027B7  _vm_load_text                      vm_ui
     00002A0C  _vm_switch                         vm
     00002B0F  _vm_beginthread                    vm
     00002C34  _vm_rpn                            vm
     00003376  _vm_get_far                        vm
     000033E0  _vm_call_native                    vm
     000033F3  _VM_STEP                           vm
     00003461  _script_runner_update              vm
     000035CC  _fill_win_rect                     
     000035DE  _rand                              
     000035DE  _randw                             
     00003609  _initrand                          
     0000360B  .initrand                          
     00003614  _get_bkg_data                      
     00003614  _get_win_data                      
     00003661  _get_sprite_data                   
     00003691  __mulsuchar                        mul
     0000369B  __muluschar                        mul
     000036A5  __mulschar                         mul
     000036B7  __muluchar                         mul
     000036C3  __mulint                           mul
     000036E9  _abs                               abs
     000036F8  _set_win_tiles                     
     0000370C  _set_tile_data                     
     00003711  _set_bkg_data                      
     00003711  _set_win_data                      
     00003719  _set_sprite_data                   
     00003749  _reverse                           reverse
     0000377D  ___call__banked                    far_ptr
     0000379A  _to_far_ptr                        far_ptr
     000037D3  _add_LCD                           
     000037DE  .add_LCD                           
     000037E4  _remove_LCD                        
     000037EF  .remove_LCD                        
     000037F5  .fill_rect_wtt                     
     000037FE  .fill_rect_btt                     
     0000384B  .copy_vram                         
     0000385F  _get_data                          
     0000385F  _set_data                          
     0000385F  _vmemcpy                           
     00003872  _fill_bkg_rect                     
     00003884  .padup                             
     00003884  _waitpadup                         
     00003894  .jpad                              
     00003894  _joypad                            
ASxxxx Linker V03.00 + NoICE + sdld,  page 38.
Hexadecimal  [32-Bits]

Area                                    Addr        Size        Decimal Bytes (Attributes)
--------------------------------        ----        ----        ------- ----- ------------
_HOME                               00000E51    00002C81 =       11393. bytes (REL,CON)

      Value  Global                              Global Defined In Module
      -----  --------------------------------   ------------------------
     000038BC  _waitpad                           
     000038BF  .wait_pad                          
     000038C6  ___sdcc_call_hl                    call_hl
     000038C7  ___memcpy                          memcpy
     000038C7  _memcpy                            memcpy
     0000390A  _memset                            memset
     0000393D  .set_xy_wtt                        SetTileMap
     00003946  .set_xy_btt                        SetTileMap
     00003955  .set_xy_tt                         SetTileMap
     00003997  __divsuchar                        div
     000039A4  __modsuchar                        div
     000039AE  __divuschar                        div
     000039C0  __moduschar                        div
     000039D0  __divschar                         div
     000039DC  __modschar                         div
     000039E6  __divsint                          div
     000039F7  __modsint                          div
     00003A06  __divuchar                         div
     00003A12  __moduchar                         div
     00003A1C  __divuint                          div
     00003A2D  __moduint                          div
     00003A3C  .div8                              div
     00003A3C  .mod8                              div
     00003A44  .div16                             div
     00003A44  .mod16                             div
     00003A7A  .divu8                             div
     00003A7A  .modu8                             div
     00003A7D  .divu16                            div
     00003A7D  .modu16                            div
     00003ABE  _set_bkg_tiles                     

ASxxxx Linker V03.00 + NoICE + sdld,  page 39.
Hexadecimal  [32-Bits]

Area                                    Addr        Size        Decimal Bytes (Attributes)
--------------------------------        ----        ----        ------- ----- ------------
_INITIALIZER                        00003AD2    00000019 =          25. bytes (REL,CON)

      Value  Global                              Global Defined In Module
      -----  --------------------------------   ------------------------
ASxxxx Linker V03.00 + NoICE + sdld,  page 40.
Hexadecimal  [32-Bits]

Area                                    Addr        Size        Decimal Bytes (Attributes)
--------------------------------        ----        ----        ------- ----- ------------
_GSINIT                             00003AEB    00000027 =          39. bytes (REL,CON)

      Value  Global                              Global Defined In Module
      -----  --------------------------------   ------------------------
     00003AEB  gsinit                             Runtime

ASxxxx Linker V03.00 + NoICE + sdld,  page 41.
Hexadecimal  [32-Bits]

Area                                    Addr        Size        Decimal Bytes (Attributes)
--------------------------------        ----        ----        ------- ----- ------------
_GSFINAL                            00003B12    00000001 =           1. bytes (REL,CON)

      Value  Global                              Global Defined In Module
      -----  --------------------------------   ------------------------
ASxxxx Linker V03.00 + NoICE + sdld,  page 42.
Hexadecimal  [32-Bits]

Area                                    Addr        Size        Decimal Bytes (Attributes)
--------------------------------        ----        ----        ------- ----- ------------
_DATA                               0000C0A0    0000197F =        6527. bytes (REL,CON)

      Value  Global                              Global Defined In Module
      -----  --------------------------------   ------------------------
     0000C0A0  __cpu                              Runtime
     0000C0A1  __is_GBA                           Runtime
     0000C0A2  .mode                              Runtime
     0000C0A3  .sys_time                          Runtime
     0000C0A3  _sys_time                          Runtime
     0000C0A5  .int_0x40                          Runtime
     0000C0B9  _actors                            actor
     0000C4FD  _actors_active_head                actor
     0000C4FF  _actors_active_tail                actor
     0000C501  _actors_inactive_head              actor
     0000C503  _screen_x                          actor
     0000C504  _screen_y                          actor
     0000C505  _invalid                           actor
     0000C507  _player_moving                     actor
     0000C508  _player_iframes                    actor
     0000C509  _player_collision_actor            actor
     0000C50B  _emote_actor                       actor
     0000C50D  _emote_timer                       actor
     0000C50E  _allocated_hardware_sprites        actor
     0000C51A  _camera_x                          camera
     0000C51C  _camera_y                          camera
     0000C51E  _camera_offset_x                   camera
     0000C51F  _camera_offset_y                   camera
     0000C520  _camera_deadzone_x                 camera
     0000C521  _camera_deadzone_y                 camera
     0000C522  _camera_settings                   camera
     0000C526  _current_scene                     data_manager
     0000C529  _image_bank                        data_manager
     0000C52A  _image_ptr                         data_manager
     0000C52C  _image_attr_bank                   data_manager
     0000C52D  _image_attr_ptr                    data_manager
     0000C52F  _collision_bank                    data_manager
     0000C530  _collision_ptr                     data_manager
     0000C532  _image_tile_width                  data_manager
     0000C533  _image_tile_height                 data_manager
     0000C534  _image_width                       data_manager
     0000C536  _image_height                      data_manager
     0000C538  _sprites_len                       data_manager
     0000C539  _actors_len                        data_manager
     0000C53A  _projectiles_len                   data_manager
     0000C53B  _player_sprite_len                 data_manager
     0000C53C  _scene_type                        data_manager
     0000C53D  _scene_LCD_type                    data_manager
     0000C53E  _scene_stack                       data_manager
     0000C57E  _scene_stack_ptr                   data_manager
     0000C580  _scene_sprites_base_tiles          data_manager
     0000C5C0  _input_events                      events
     0000C5E8  _input_slots                       events
     0000C5F0  _timer_events                      events
     0000C604  _timer_values                      events
ASxxxx Linker V03.00 + NoICE + sdld,  page 43.
Hexadecimal  [32-Bits]

Area                                    Addr        Size        Decimal Bytes (Attributes)
--------------------------------        ----        ----        ------- ----- ------------
_DATA                               0000C0A0    0000197F =        6527. bytes (REL,CON)

      Value  Global                              Global Defined In Module
      -----  --------------------------------   ------------------------
[...]
                                          [ scene_9_sprites ]
/var/folders/ck/8npsd__n1ql0b7wlfp9r5w5h0000gn/T/_gbsbuild/obj/scene_9.rel
                                          [ scene_9 ]
/var/folders/ck/8npsd__n1ql0b7wlfp9r5w5h0000gn/T/_gbsbuild/obj/scene_outside_actors.rel
                                          [ scene_outside_actors ]
/var/folders/ck/8npsd__n1ql0b7wlfp9r5w5h0000gn/T/_gbsbuild/obj/scene_outside_collisions.rel
                                          [ scene_outside_collisions ]
/var/folders/ck/8npsd__n1ql0b7wlfp9r5w5h0000gn/T/_gbsbuild/obj/scene_outside_init.rel
                                          [ scene_outside_init ]
/var/folders/ck/8npsd__n1ql0b7wlfp9r5w5h0000gn/T/_gbsbuild/obj/scene_outside_sprites.rel
                                          [ scene_outside_sprites ]
/var/folders/ck/8npsd__n1ql0b7wlfp9r5w5h0000gn/T/_gbsbuild/obj/scene_outside_triggers.rel
                                          [ scene_outside_triggers ]
/var/folders/ck/8npsd__n1ql0b7wlfp9r5w5h0000gn/T/_gbsbuild/obj/scene_outside.rel
                                          [ scene_outside ]
/var/folders/ck/8npsd__n1ql0b7wlfp9r5w5h0000gn/T/_gbsbuild/obj/scene_title_screen_collisions.rel
                                          [ scene_title_screen_collisions ]
/var/folders/ck/8npsd__n1ql0b7wlfp9r5w5h0000gn/T/_gbsbuild/obj/scene_title_screen_init.rel
                                          [ scene_title_screen_init ]
/var/folders/ck/8npsd__n1ql0b7wlfp9r5w5h0000gn/T/_gbsbuild/obj/scene_title_screen.rel
                                          [ scene_title_screen ]
/var/folders/ck/8npsd__n1ql0b7wlfp9r5w5h0000gn/T/_gbsbuild/obj/script_10.rel
                                          [ script_10 ]
/var/folders/ck/8npsd__n1ql0b7wlfp9r5w5h0000gn/T/_gbsbuild/obj/script_11.rel
                                          [ script_11 ]
/var/folders/ck/8npsd__n1ql0b7wlfp9r5w5h0000gn/T/_gbsbuild/obj/script_12.rel
                                          [ script_12 ]
/var/folders/ck/8npsd__n1ql0b7wlfp9r5w5h0000gn/T/_gbsbuild/obj/script_13.rel
                                          [ script_13 ]
/var/folders/ck/8npsd__n1ql0b7wlfp9r5w5h0000gn/T/_gbsbuild/obj/script_14.rel
                                          [ script_14 ]
/var/folders/ck/8npsd__n1ql0b7wlfp9r5w5h0000gn/T/_gbsbuild/obj/script_15.rel
                                          [ script_15 ]
/var/folders/ck/8npsd__n1ql0b7wlfp9r5w5h0000gn/T/_gbsbuild/obj/script_16.rel
                                          [ script_16 ]
/var/folders/ck/8npsd__n1ql0b7wlfp9r5w5h0000gn/T/_gbsbuild/obj/script_17.rel
                                          [ script_17 ]
/var/folders/ck/8npsd__n1ql0b7wlfp9r5w5h0000gn/T/_gbsbuild/obj/script_18.rel
                                          [ script_18 ]
/var/folders/ck/8npsd__n1ql0b7wlfp9r5w5h0000gn/T/_gbsbuild/obj/script_2.rel
                                          [ script_2 ]
/var/folders/ck/8npsd__n1ql0b7wlfp9r5w5h0000gn/T/_gbsbuild/obj/script_20.rel
                                          [ script_20 ]
/var/folders/ck/8npsd__n1ql0b7wlfp9r5w5h0000gn/T/_gbsbuild/obj/script_21.rel
                                          [ script_21 ]
/var/folders/ck/8npsd__n1ql0b7wlfp9r5w5h0000gn/T/_gbsbuild/obj/script_23.rel
                                          [ script_23 ]
/var/folders/ck/8npsd__n1ql0b7wlfp9r5w5h0000gn/T/_gbsbuild/obj/script_24.rel
                                          [ script_24 ]
/var/folders/ck/8npsd__n1ql0b7wlfp9r5w5h0000gn/T/_gbsbuild/obj/script_25.rel
                                          [ script_25 ]
/var/folders/ck/8npsd__n1ql0b7wlfp9r5w5h0000gn/T/_gbsbuild/obj/script_26.rel
                                          [ script_26 ]
/var/folders/ck/8npsd__n1ql0b7wlfp9r5w5h0000gn/T/_gbsbuild/obj/script_27.rel
                                          [ script_27 ]
/var/folders/ck/8npsd__n1ql0b7wlfp9r5w5h0000gn/T/_gbsbuild/obj/script_28.rel
                                          [ script_28 ]
/var/folders/ck/8npsd__n1ql0b7wlfp9r5w5h0000gn/T/_gbsbuild/obj/script_29.rel
                                          [ script_29 ]
/var/folders/ck/8npsd__n1ql0b7wlfp9r5w5h0000gn/T/_gbsbuild/obj/script_3.rel
                                          [ script_3 ]
/var/folders/ck/8npsd__n1ql0b7wlfp9r5w5h0000gn/T/_gbsbuild/obj/script_4.rel
                                          [ script_4 ]
/var/folders/ck/8npsd__n1ql0b7wlfp9r5w5h0000gn/T/_gbsbuild/obj/script_5.rel
                                          [ script_5 ]
/var/folders/ck/8npsd__n1ql0b7wlfp9r5w5h0000gn/T/_gbsbuild/obj/script_6.rel
                                          [ script_6 ]
/var/folders/ck/8npsd__n1ql0b7wlfp9r5w5h0000gn/T/_gbsbuild/obj/script_7.rel
                                          [ script_7 ]
/var/folders/ck/8npsd__n1ql0b7wlfp9r5w5h0000gn/T/_gbsbuild/obj/script_8.rel
                                          [ script_8 ]
/var/folders/ck/8npsd__n1ql0b7wlfp9r5w5h0000gn/T/_gbsbuild/obj/script_9.rel
                                          [ script_9 ]
/var/folders/ck/8npsd__n1ql0b7wlfp9r5w5h0000gn/T/_gbsbuild/obj/script_engine_init.rel
                                          [  ]
/var/folders/ck/8npsd__n1ql0b7wlfp9r5w5h0000gn/T/_gbsbuild/obj/script_input_0.rel
                                          [ script_input_0 ]
/var/folders/ck/8npsd__n1ql0b7wlfp9r5w5h0000gn/T/_gbsbuild/obj/script_input_1.rel
                                          [ script_input_1 ]
/var/folders/ck/8npsd__n1ql0b7wlfp9r5w5h0000gn/T/_gbsbuild/obj/script_input_10.rel
                                          [ script_input_10 ]
/var/folders/ck/8npsd__n1ql0b7wlfp9r5w5h0000gn/T/_gbsbuild/obj/script_input_11.rel
                                          [ script_input_11 ]
/var/folders/ck/8npsd__n1ql0b7wlfp9r5w5h0000gn/T/_gbsbuild/obj/script_input_12.rel
                                          [ script_input_12 ]
/var/folders/ck/8npsd__n1ql0b7wlfp9r5w5h0000gn/T/_gbsbuild/obj/script_input_13.rel
                                          [ script_input_13 ]
/var/folders/ck/8npsd__n1ql0b7wlfp9r5w5h0000gn/T/_gbsbuild/obj/script_input_2.rel
                                          [ script_input_2 ]
/var/folders/ck/8npsd__n1ql0b7wlfp9r5w5h0000gn/T/_gbsbuild/obj/script_input_3.rel
                                          [ script_input_3 ]
/var/folders/ck/8npsd__n1ql0b7wlfp9r5w5h0000gn/T/_gbsbuild/obj/script_input_4.rel
                                          [ script_input_4 ]
/var/folders/ck/8npsd__n1ql0b7wlfp9r5w5h0000gn/T/_gbsbuild/obj/script_input_5.rel
                                          [ script_input_5 ]
/var/folders/ck/8npsd__n1ql0b7wlfp9r5w5h0000gn/T/_gbsbuild/obj/script_input_6.rel
                                          [ script_input_6 ]
/var/folders/ck/8npsd__n1ql0b7wlfp9r5w5h0000gn/T/_gbsbuild/obj/script_input_7.rel
                                          [ script_input_7 ]
/var/folders/ck/8npsd__n1ql0b7wlfp9r5w5h0000gn/T/_gbsbuild/obj/script_input_8.rel
                                          [ script_input_8 ]
/var/folders/ck/8npsd__n1ql0b7wlfp9r5w5h0000gn/T/_gbsbuild/obj/script_input_9.rel
                                          [ script_input_9 ]
/var/folders/ck/8npsd__n1ql0b7wlfp9r5w5h0000gn/T/_gbsbuild/obj/sound_cancel_vgm.rel
                                          [ sound_cancel_vgm ]
/var/folders/ck/8npsd__n1ql0b7wlfp9r5w5h0000gn/T/_gbsbuild/obj/sound_cat_meow_vgm.rel
                                          [ sound_cat_meow_vgm ]
/var/folders/ck/8npsd__n1ql0b7wlfp9r5w5h0000gn/T/_gbsbuild/obj/sound_click_vgm.rel
                                          [ sound_click_vgm ]
/var/folders/ck/8npsd__n1ql0b7wlfp9r5w5h0000gn/T/_gbsbuild/obj/sound_explosion_vgm.rel
                                          [ sound_explosion_vgm ]
/var/folders/ck/8npsd__n1ql0b7wlfp9r5w5h0000gn/T/_gbsbuild/obj/sound_hurt_vgm.rel
                                          [ sound_hurt_vgm ]
/var/folders/ck/8npsd__n1ql0b7wlfp9r5w5h0000gn/T/_gbsbuild/obj/sound_jump_vgm.rel
                                          [ sound_jump_vgm ]
/var/folders/ck/8npsd__n1ql0b7wlfp9r5w5h0000gn/T/_gbsbuild/obj/sound_monster_scream_vgm.rel
                                          [ sound_monster_scream_vgm ]
/var/folders/ck/8npsd__n1ql0b7wlfp9r5w5h0000gn/T/_gbsbuild/obj/sprite_3d_hermano_flare_tileset.rel
                                          [ sprite_3d_hermano_flare_tileset ]
/var/folders/ck/8npsd__n1ql0b7wlfp9r5w5h0000gn/T/_gbsbuild/obj/sprite_3d_hermano_flare.rel
                                          [ sprite_3d_hermano_flare ]
/var/folders/ck/8npsd__n1ql0b7wlfp9r5w5h0000gn/T/_gbsbuild/obj/sprite_3d_hermano_tileset.rel
                                          [ sprite_3d_hermano_tileset ]
/var/folders/ck/8npsd__n1ql0b7wlfp9r5w5h0000gn/T/_gbsbuild/obj/sprite_3d_hermano.rel
                                          [ sprite_3d_hermano ]
/var/folders/ck/8npsd__n1ql0b7wlfp9r5w5h0000gn/T/_gbsbuild/obj/sprite_3d_pig_tileset.rel
                                          [ sprite_3d_pig_tileset ]
/var/folders/ck/8npsd__n1ql0b7wlfp9r5w5h0000gn/T/_gbsbuild/obj/sprite_3d_pig.rel
                                          [ sprite_3d_pig ]
/var/folders/ck/8npsd__n1ql0b7wlfp9r5w5h0000gn/T/_gbsbuild/obj/sprite_3d_rabbit_tileset.rel
                                          [ sprite_3d_rabbit_tileset ]
/var/folders/ck/8npsd__n1ql0b7wlfp9r5w5h0000gn/T/_gbsbuild/obj/sprite_3d_rabbit.rel
                                          [ sprite_3d_rabbit ]
/var/folders/ck/8npsd__n1ql0b7wlfp9r5w5h0000gn/T/_gbsbuild/obj/sprite_3d_warangka_tileset.rel
                                          [ sprite_3d_warangka_tileset ]
/var/folders/ck/8npsd__n1ql0b7wlfp9r5w5h0000gn/T/_gbsbuild/obj/sprite_3d_warangka.rel
                                          [ sprite_3d_warangka ]
/var/folders/ck/8npsd__n1ql0b7wlfp9r5w5h0000gn/T/_gbsbuild/obj/sprite_3d_waraya_tileset.rel
                                          [ sprite_3d_waraya_tileset ]
/var/folders/ck/8npsd__n1ql0b7wlfp9r5w5h0000gn/T/_gbsbuild/obj/sprite_3d_waraya.rel
                                          [ sprite_3d_waraya ]
/var/folders/ck/8npsd__n1ql0b7wlfp9r5w5h0000gn/T/_gbsbuild/obj/sprite_adult_tiger_0_tileset.rel
                                          [ sprite_adult_tiger_0_tileset ]
/var/folders/ck/8npsd__n1ql0b7wlfp9r5w5h0000gn/T/_gbsbuild/obj/sprite_adult_tiger_0.rel
                                          [ sprite_adult_tiger_0 ]
/var/folders/ck/8npsd__n1ql0b7wlfp9r5w5h0000gn/T/_gbsbuild/obj/sprite_baby_player_tileset.rel
                                          [ sprite_baby_player_tileset ]
/var/folders/ck/8npsd__n1ql0b7wlfp9r5w5h0000gn/T/_gbsbuild/obj/sprite_baby_player.rel
                                          [ sprite_baby_player ]
/var/folders/ck/8npsd__n1ql0b7wlfp9r5w5h0000gn/T/_gbsbuild/obj/sprite_big_rock_tileset.rel
                                          [ sprite_big_rock_tileset ]
/var/folders/ck/8npsd__n1ql0b7wlfp9r5w5h0000gn/T/_gbsbuild/obj/sprite_big_rock.rel
                                          [ sprite_big_rock ]
/var/folders/ck/8npsd__n1ql0b7wlfp9r5w5h0000gn/T/_gbsbuild/obj/sprite_cat.rel
                                          [ sprite_cat ]
/var/folders/ck/8npsd__n1ql0b7wlfp9r5w5h0000gn/T/_gbsbuild/obj/sprite_hermano_topdown_tileset.rel
                                          [ sprite_hermano_topdown_tileset ]
/var/folders/ck/8npsd__n1ql0b7wlfp9r5w5h0000gn/T/_gbsbuild/obj/sprite_hermano_topdown.rel
                                          [ sprite_hermano_topdown ]
/var/folders/ck/8npsd__n1ql0b7wlfp9r5w5h0000gn/T/_gbsbuild/obj/sprite_lion_tileset.rel
                                          [ sprite_lion_tileset ]
/var/folders/ck/8npsd__n1ql0b7wlfp9r5w5h0000gn/T/_gbsbuild/obj/sprite_lion.rel
                                          [ sprite_lion ]
/var/folders/ck/8npsd__n1ql0b7wlfp9r5w5h0000gn/T/_gbsbuild/obj/sprite_pig_tileset.rel
                                          [ sprite_pig_tileset ]
/var/folders/ck/8npsd__n1ql0b7wlfp9r5w5h0000gn/T/_gbsbuild/obj/sprite_pig.rel
                                          [ sprite_pig ]
/var/folders/ck/8npsd__n1ql0b7wlfp9r5w5h0000gn/T/_gbsbuild/obj/sprite_player_tileset.rel
                                          [ sprite_player_tileset ]
/var/folders/ck/8npsd__n1ql0b7wlfp9r5w5h0000gn/T/_gbsbuild/obj/sprite_player.rel
                                          [ sprite_player ]
/var/folders/ck/8npsd__n1ql0b7wlfp9r5w5h0000gn/T/_gbsbuild/obj/sprite_rabbit_tileset.rel
                                          [ sprite_rabbit_tileset ]
/var/folders/ck/8npsd__n1ql0b7wlfp9r5w5h0000gn/T/_gbsbuild/obj/sprite_rabbit.rel
                                          [ sprite_rabbit ]
/var/folders/ck/8npsd__n1ql0b7wlfp9r5w5h0000gn/T/_gbsbuild/obj/sprite_river_animation_tileset.rel
                                          [ sprite_river_animation_tileset ]
/var/folders/ck/8npsd__n1ql0b7wlfp9r5w5h0000gn/T/_gbsbuild/obj/sprite_river_animation.rel
                                          [ sprite_river_animation ]
/var/folders/ck/8npsd__n1ql0b7wlfp9r5w5h0000gn/T/_gbsbuild/obj/spritesheet_none.rel
                                          [ spritesheet_none ]
/var/folders/ck/8npsd__n1ql0b7wlfp9r5w5h0000gn/T/_gbsbuild/obj/trigger_0_interact.rel
                                          [ trigger_0_interact ]
/var/folders/ck/8npsd__n1ql0b7wlfp9r5w5h0000gn/T/_gbsbuild/obj/trigger_1_interact.rel
                                          [ trigger_1_interact ]
/var/folders/ck/8npsd__n1ql0b7wlfp9r5w5h0000gn/T/_gbsbuild/obj/trigger_2_interact.rel
                                          [ trigger_2_interact ]
/var/folders/ck/8npsd__n1ql0b7wlfp9r5w5h0000gn/T/_gbsbuild/obj/trigger_3_interact.rel
                                          [ trigger_3_interact ]
/var/folders/ck/8npsd__n1ql0b7wlfp9r5w5h0000gn/T/_gbsbuild/obj/trigger_4_interact.rel
                                          [ trigger_4_interact ]
/var/folders/ck/8npsd__n1ql0b7wlfp9r5w5h0000gn/T/_gbsbuild/obj/trigger_5_interact.rel
                                          [ trigger_5_interact ]
/var/folders/ck/8npsd__n1ql0b7wlfp9r5w5h0000gn/T/_gbsbuild/obj/trigger_6_interact.rel
                                          [ trigger_6_interact ]
/var/folders/ck/8npsd__n1ql0b7wlfp9r5w5h0000gn/T/_gbsbuild/obj/trigger_7_interact.rel
                                          [ trigger_7_interact ]
/var/folders/ck/8npsd__n1ql0b7wlfp9r5w5h0000gn/T/_gbsbuild/obj/trigger_8_interact.rel
                                          [ trigger_8_interact ]
/var/folders/ck/8npsd__n1ql0b7wlfp9r5w5h0000gn/T/_gbsbuild/obj/main.rel
                                          [ main ]
/var/folders/ck/8npsd__n1ql0b7wlfp9r5w5h0000gn/T/_gbsbuild/obj/adventure.rel
                                          [ adventure ]
/var/folders/ck/8npsd__n1ql0b7wlfp9r5w5h0000gn/T/_gbsbuild/obj/logo.rel
                                          [ logo ]
/var/folders/ck/8npsd__n1ql0b7wlfp9r5w5h0000gn/T/_gbsbuild/obj/platform.rel
                                          [ platform ]
/var/folders/ck/8npsd__n1ql0b7wlfp9r5w5h0000gn/T/_gbsbuild/obj/pointnclick.rel
                                          [ pointnclick ]
/var/folders/ck/8npsd__n1ql0b7wlfp9r5w5h0000gn/T/_gbsbuild/obj/shmup.rel
                                          [ shmup ]
/var/folders/ck/8npsd__n1ql0b7wlfp9r5w5h0000gn/T/_gbsbuild/obj/states_ptrs.rel
                                          [  ]
/var/folders/ck/8npsd__n1ql0b7wlfp9r5w5h0000gn/T/_gbsbuild/obj/topdown.rel
                                          [ topdown ]


Libraries Linked                          [ object file ]

/var/folders/ck/8npsd__n1ql0b7wlfp9r5w5h0000gn/T/_gbstools/gbdk/lib/small/asxxxx/gb/gb.lib
                                          [ fill_rect_wi.o ]
/var/folders/ck/8npsd__n1ql0b7wlfp9r5w5h0000gn/T/_gbstools/gbdk/lib/small/asxxxx/gbz80/gbz80.lib
                                          [ rand.o ]
lib/hUGEDriver.lib                        [ hUGEDriver.obj.o ]
/var/folders/ck/8npsd__n1ql0b7wlfp9r5w5h0000gn/T/_gbstools/gbdk/lib/small/asxxxx/gb/gb.lib
                                          [ sfr.o ]
/var/folders/ck/8npsd__n1ql0b7wlfp9r5w5h0000gn/T/_gbstools/gbdk/lib/small/asxxxx/gb/gb.lib
                                          [ get_data.o ]
/var/folders/ck/8npsd__n1ql0b7wlfp9r5w5h0000gn/T/_gbstools/gbdk/lib/small/asxxxx/gb/gb.lib
                                          [ get_tile.o ]
/var/folders/ck/8npsd__n1ql0b7wlfp9r5w5h0000gn/T/_gbstools/gbdk/lib/small/asxxxx/gb/gb.lib
                                          [ cgb_palettes.o ]
/var/folders/ck/8npsd__n1ql0b7wlfp9r5w5h0000gn/T/_gbstools/gbdk/lib/small/asxxxx/gb/gb.lib
                                          [ metasprites_hide_spr.o ]
/var/folders/ck/8npsd__n1ql0b7wlfp9r5w5h0000gn/T/_gbstools/gbdk/lib/small/asxxxx/gbz80/gbz80.lib
                                          [ mul.o ]
/var/folders/ck/8npsd__n1ql0b7wlfp9r5w5h0000gn/T/_gbstools/gbdk/lib/small/asxxxx/gbz80/gbz80.lib
                                          [ abs.o ]
/var/folders/ck/8npsd__n1ql0b7wlfp9r5w5h0000gn/T/_gbstools/gbdk/lib/small/asxxxx/gb/gb.lib
                                          [ set_wi_t.o ]
/var/folders/ck/8npsd__n1ql0b7wlfp9r5w5h0000gn/T/_gbstools/gbdk/lib/small/asxxxx/gb/gb.lib
                                          [ set_data.o ]
/var/folders/ck/8npsd__n1ql0b7wlfp9r5w5h0000gn/T/_gbstools/gbdk/lib/small/asxxxx/gbz80/gbz80.lib
                                          [ reverse.o ]
/var/folders/ck/8npsd__n1ql0b7wlfp9r5w5h0000gn/T/_gbstools/gbdk/lib/small/asxxxx/gb/gb.lib
                                          [ far_ptr.o ]
/var/folders/ck/8npsd__n1ql0b7wlfp9r5w5h0000gn/T/_gbstools/gbdk/lib/small/asxxxx/gb/gb.lib
                                          [ sgb.o ]
/var/folders/ck/8npsd__n1ql0b7wlfp9r5w5h0000gn/T/_gbstools/gbdk/lib/small/asxxxx/gb/gb.lib
                                          [ lcd.o ]
/var/folders/ck/8npsd__n1ql0b7wlfp9r5w5h0000gn/T/_gbstools/gbdk/lib/small/asxxxx/gb/gb.lib
                                          [ fill_rect.o ]
/var/folders/ck/8npsd__n1ql0b7wlfp9r5w5h0000gn/T/_gbstools/gbdk/lib/small/asxxxx/gb/gb.lib
                                          [ cpy_data.o ]
/var/folders/ck/8npsd__n1ql0b7wlfp9r5w5h0000gn/T/_gbstools/gbdk/lib/small/asxxxx/gb/gb.lib
                                          [ fill_rect_bk.o ]
/var/folders/ck/8npsd__n1ql0b7wlfp9r5w5h0000gn/T/_gbstools/gbdk/lib/small/asxxxx/gb/gb.lib
                                          [ pad.o ]
/var/folders/ck/8npsd__n1ql0b7wlfp9r5w5h0000gn/T/_gbstools/gbdk/lib/small/asxxxx/gb/gb.lib
                                          [ metasprites.o ]
/var/folders/ck/8npsd__n1ql0b7wlfp9r5w5h0000gn/T/_gbstools/gbdk/lib/small/asxxxx/gbz80/gbz80.lib
                                          [ __sdcc_call_hl.o ]
/var/folders/ck/8npsd__n1ql0b7wlfp9r5w5h0000gn/T/_gbstools/gbdk/lib/small/asxxxx/gbz80/gbz80.lib
                                          [ _memcpy.o ]
/var/folders/ck/8npsd__n1ql0b7wlfp9r5w5h0000gn/T/_gbstools/gbdk/lib/small/asxxxx/gbz80/gbz80.lib
                                          [ _memset.o ]
/var/folders/ck/8npsd__n1ql0b7wlfp9r5w5h0000gn/T/_gbstools/gbdk/lib/small/asxxxx/gb/gb.lib
                                          [ set_xy_t.o ]
/var/folders/ck/8npsd__n1ql0b7wlfp9r5w5h0000gn/T/_gbstools/gbdk/lib/small/asxxxx/gb/gb.lib
                                          [ cgb.o ]
/var/folders/ck/8npsd__n1ql0b7wlfp9r5w5h0000gn/T/_gbstools/gbdk/lib/small/asxxxx/gbz80/gbz80.lib
                                          [ div.o ]
/var/folders/ck/8npsd__n1ql0b7wlfp9r5w5h0000gn/T/_gbstools/gbdk/lib/small/asxxxx/gb/gb.lib
                                          [ set_bk_t.o ]

ASxxxx Linker V03.00 + NoICE + sdld,  page 83.

User Base Address Definitions

_DATA=0xC0A0
_CODE=0x0200
ASxxxx Linker V03.00 + NoICE + sdld,  page 84.

User Global Definitions

.STACK=0xDF00
_shadow_OAM=0xC000
.refresh_OAM=0xFF80
__start_save=12

